// Jest Snapshot v1, https://goo.gl/fbAQLP

exports[`component/BoardSwitcherDialog base case 1`] = `
<div>
  <div
    class="Dialog dialog-back BoardSwitcherDialog size--medium"
  >
    <div
      class="backdrop"
    />
    <div
      class="wrapper"
    >
      <div
        class="dialog"
        role="dialog"
      >
        <div
          class="toolbar"
        >
          <div>
            <h1
              class="dialog-title"
            >
              <div>
                Find Boards
              </div>
            </h1>
            <h5
              class="dialog-subtitle"
            >
              <div>
                Type to find a board. Use 
                <b>
                  UP/DOWN
                </b>
                 to browse. 
                <b>
                  ENTER
                </b>
                 to select, 
                <b>
                  ESC
                </b>
                 to dismiss
              </div>
            </h5>
          </div>
          <div
            class="toolbar--right"
          >
            <button
              aria-label="Close dialog"
              class="IconButton dialog__close size--medium"
              title="Close dialog"
              type="button"
            >
              <i
                class="CompassIcon icon-close CloseIcon"
              />
            </button>
          </div>
        </div>
        <div
          class="BoardSwitcherDialogBody"
        >
          <div
            class="head"
          >
            <div
              class="queryWrapper"
            >
              <i
                class="CompassIcon icon-magnify MagnifyIcon"
              />
              <input
                class="searchQuery"
                maxlength="100"
                placeholder="Search for boards"
                type="text"
              />
            </div>
          </div>
          <div
            class="searchResults"
          >
            
            
            <div
              class="noResults introScreen"
            >
              <div
                class="iconWrapper"
              >
                <i
                  class="CompassIcon icon-magnify MagnifyIcon"
                />
              </div>
              <h4
                class="text-heading4"
              >
                Search for boards
              </h4>
            </div>
          </div>
        </div>
      </div>
    </div>
  </div>
</div>
`;
