// Jest Snapshot v1, https://goo.gl/fbAQLP

exports[`components/post_view/PostReaction should match snapshot 1`] = `
<Connect(ChannelPermissionGate)
  channelId="current_channel_id"
  permissions={
    Array [
      "add_reaction",
    ]
  }
  teamId="current_team_id"
>
  <EmojiPickerOverlay
    enableGifPicker={false}
    onEmojiClick={[Function]}
    onHide={[MockFunction]}
    show={false}
    spaceRequiredAbove={476}
    spaceRequiredBelow={497}
    target={[MockFunction]}
    topOffset={-7}
  />
  <OverlayTrigger
    className="hidden-xs"
    defaultOverlayShown={false}
    delayShow={500}
    overlay={
      <Tooltip
        className="hidden-xs"
        id="reaction-icon-tooltip"
      >
        <Memo(MemoizedFormattedMessage)
          defaultMessage="Add Reaction"
          id="post_info.tooltip.add_reactions"
        />
      </Tooltip>
    }
    placement="top"
    trigger={
      Array [
        "hover",
        "focus",
      ]
    }
  >
    <button
      aria-label="add reaction"
      className="post-menu__item post-menu__item--reactions"
      data-testid="post-reaction-emoji-icon"
      id="CENTER_reaction_post_id_1"
      onClick={[MockFunction]}
    >
      <EmojiIcon
        className="icon icon--small"
      />
    </button>
  </OverlayTrigger>
</Connect(ChannelPermissionGate)>
`;
