// Jest Snapshot v1, https://jestjs.io/docs/snapshot-testing

exports[`components/RemoveFromChannelModal should match snapshot 1`] = `
<body
  class="modal-open"
  style="padding-right: 0px;"
>
  <div
    aria-hidden="true"
  />
  <div
    role="none"
  >
    <div
      class="fade modal-backdrop in"
    />
    <div
      aria-labelledby="removeFromChannelModalLabel"
      class="fade in modal"
      role="dialog"
      style="display: block; padding-right: 0px;"
      tabindex="-1"
    >
      <div
        class="a11y__modal modal-dialog"
      >
        <div
          class="modal-content"
          role="document"
        >
          <div
            class="modal-header"
          >
            <button
              aria-label="Close"
              class="close"
              type="button"
            >
              <span
                aria-hidden="true"
              >
                ×
              </span>
              <span
                class="sr-only"
              >
                Close
              </span>
            </button>
            <h1
              class="modal-title"
              id="removeFromChannelModalLabel"
            >
              Removed from 
              <span
                class="name"
              >
                test-channel
              </span>
            </h1>
          </div>
          <div
            class="modal-body"
          >
            <p>
              Administrator removed you from test-channel
            </p>
          </div>
          <div
            class="modal-footer"
          >
            <button
              class="btn btn-primary"
              id="removedChannelBtn"
              type="button"
            >
              Okay
            </button>
          </div>
        </div>
      </div>
    </div>
  </div>
</body>
`;
