// Jest Snapshot v1, https://goo.gl/fbAQLP

exports[`components/error_page/ErrorLink should match snapshot 1`] = `
<ExternalLink
  href="https://docs.mattermost.com/deployment/sso-gitlab.html"
  location="error_link"
>
  <MemoizedFormattedMessage
    defaultMessage="GitLab"
    id="error.oauth_missing_code.gitlab.link"
  />
</ExternalLink>
`;
