// Jest Snapshot v1, https://goo.gl/fbAQLP

exports[`components/GenericModal/FooterPagination should render default 1`] = `
<div
  className="footer-pagination"
>
  <div
    className="footer-pagination__legend"
  />
  <div
    className="footer-pagination__button-container"
  >
    <button
      className="footer-pagination__button-container__button disabled"
      disabled={true}
      onClick={[MockFunction]}
      type="button"
    >
      <ChevronLeftIcon
        size={16}
      />
      <span>
        Previous
      </span>
    </button>
    <button
      className="footer-pagination__button-container__button disabled"
      disabled={true}
      onClick={[MockFunction]}
      type="button"
    >
      <span>
        Next
      </span>
      <ChevronRightIcon
        size={16}
      />
    </button>
  </div>
</div>
`;
