// Jest Snapshot v1, https://goo.gl/fbAQLP

exports[`components/blocksEditor/blocks/h3 should match Display snapshot 1`] = `
<div>
  <div>
    <h3
      id="test-value"
    >
      test-value
    </h3>
  </div>
</div>
`;

exports[`components/blocksEditor/blocks/h3 should match Input snapshot 1`] = `
<div>
  <input
    class="H3"
    data-testid="h3"
    value="test-value"
  />
</div>
`;
