// Jest Snapshot v1, https://goo.gl/fbAQLP

exports[`components/admin_console/system_users should match default snapshot 1`] = `
<div
  className="wrapper--fixed"
>
  <AdminHeader>
    <MemoizedFormattedMessage
      defaultMessage="{siteName} Users"
      id="admin.system_users.title"
      values={
        Object {
          "siteName": "Site name",
        }
      }
    >
      <Component />
    </MemoizedFormattedMessage>
    <RevokeSessionsButton />
  </AdminHeader>
  <div
    className="admin-console__wrapper"
  >
    <div
      className="admin-console__container"
    >
      <div
        className="system-users__filter-row"
      >
        <SystemUsersSearch
          onChange={[Function]}
          onSearch={[Function]}
          value=""
        />
        <SystemUsersFilterTeam
          onChange={[Function]}
          onFilter={[Function]}
          options={Array []}
          value=""
        />
        <SystemUsersFilterRole
          onChange={[Function]}
          onFilter={[Function]}
          value=""
        />
      </div>
      <SystemUsersList />
    </div>
  </div>
</div>
`;
